// Jest Snapshot v1, https://goo.gl/fbAQLP

exports[`<HighlightCardSkeleton /> renders correctly 1`] = `
<View
  style={
    [
      {
        "backgroundColor": "#fff",
      },
      [
        {
          "borderRadius": 14,
          "borderWidth": 1,
          "height": 200,
          "marginHorizontal": 7.5,
          "overflow": "hidden",
        },
        {
          "backgroundColor": "#FBFBFB",
          "borderColor": "#eee",
          "width": 300,
        },
      ],
    ]
  }
>
  <View
    style={
      [
        {
          "backgroundColor": "#fff",
        },
        {
          "height": "50%",
          "justifyContent": "space-evenly",
          "padding": 10,
          "width": "100%",
        },
      ]
    }
  />
</View>
`;
